// Jest Snapshot v1, https://goo.gl/fbAQLP

exports[`stringifyWithUndefined() converts undefined values to null 1`] = `"{"keep":"this","this_too":null}"`;
